Microchip MPLAB XC8 Compiler V2.41

Linker command line:

-W-3 \
  --edf=C:\Program Files\Microchip\xc8\v2.41\pic\dat\20230208172133_en.msgs \
  -cn -h+dist/default/debug\PIC16F877A_SPI_MAX7219_DotMatrix.X.debug.sym \
  --cmf=dist/default/debug\PIC16F877A_SPI_MAX7219_DotMatrix.X.debug.cmf -z \
  -Q16F877A -oC:\Users\84935\AppData\Local\Temp\xcAs2n0.\driver_tmp_3.o \
  --defsym=__MPLAB_BUILD=1 --fixupoverflow=error \
  -Mdist/default/debug/PIC16F877A_SPI_MAX7219_DotMatrix.X.debug.map \
  --md=C:\Users\84935\AppData\Local\Temp\xcAs2n0.\driver_tmp_0.dat -E1 \
  -ver=XC8 Compiler --acfsm=1493 -ACODE=00h-07FFhx4 -ASTRCODE=00h-01FFFh \
  -ASTRING=00h-0FFhx32 -ACONST=00h-0FFhx32 -AENTRY=00h-0FFhx32 \
  -ACOMMON=070h-07Fh -ABANK0=020h-06Fh -ABANK1=0A0h-0EFh \
  -ABANK2=0110h-016Fh -ABANK3=0190h-01EFh \
  -ARAM=020h-06Fh,0A0h-0EFh,0110h-016Fh,0190h-01EFh \
  -AABS1=020h-07Fh,0A0h-0EFh,0110h-016Fh,0190h-01EFh -ASFR0=00h-01Fh \
  -ASFR1=080h-09Fh -ASFR2=0100h-010Fh -ASFR3=0180h-018Fh \
  -ACONFIG=02007h-02007h -DCONFIG=2 -AIDLOC=02000h-02003h -DIDLOC=2 \
  -AEEDATA=00h-0FFh/02100h -peeprom_data=EEDATA -DEEDATA=2 -DCODE=2 \
  -DSTRCODE=2 -DSTRING=2 -DCONST=2 -DENTRY=2 \
  -preset_vec=00h,intentry,init,end_init -ppowerup=CODE -pcinit=CODE \
  -pfunctab=ENTRY -k \
  C:\Users\84935\AppData\Local\Temp\xcAs2n0.\driver_tmp_12.o \
  dist/default/debug\PIC16F877A_SPI_MAX7219_DotMatrix.X.debug.o 

Object code version is 3.11

Machine type is 16F877A



                Name                               Link     Load   Length Selector   Space Scale
C:\Users\84935\AppData\Local\Temp\xcAs2n0.\driver_tmp_12.o
                end_init                              0        0        3        0       0
                config                             2007     2007        1        0       4
                idloc                              2000     2000        4        0       5
dist/default/debug\PIC16F877A_SPI_MAX7219_DotMatrix.X.debug.o
                cinit                               7ED      7ED       13      FDA       0
                config                             2007     2007        1        0       4
                idloc                              2000     2000        4        0       5
                text9                               65C      65C        B      CB8       0
                text8                               667      667        C      CCE       0
                text7                               673      673       10      CE6       0
                text6                               6D5      6D5       1A      DAA       0
                text5                               6BE      6BE       17      D7C       0
                text4                               683      683       13      D06       0
                text3                               75B      75B       42      EB6       0
                text2                               6A9      6A9       15      D52       0
                text1                               79D      79D       50      F3A       0
                maintext                            6EF      6EF       32      DDE       0
                cstackBANK0                          5A       5A        3       20       1
                cstackCOMMON                         70       70        E       70       1
                inittext                            696      696       13      D2C       0
                dataBANK0                            20       20       3A       20       1
                bssBANK0                             5D       5D        1       20       1
                idataBANK0                          721      721       3A      E42       0

TOTAL           Name                               Link     Load   Length     Space
        CLASS   CODE           
                end_init                              0        0        3         0
                cinit                               7ED      7ED       13         0
                text9                               65C      65C        B         0
                text8                               667      667        C         0
                text7                               673      673       10         0
                text6                               6D5      6D5       1A         0
                text5                               6BE      6BE       17         0
                text4                               683      683       13         0
                text3                               75B      75B       42         0
                text2                               6A9      6A9       15         0
                text1                               79D      79D       50         0
                maintext                            6EF      6EF       32         0
                inittext                            696      696       13         0
                idataBANK0                          721      721       3A         0

        CLASS   STRCODE        

        CLASS   STRING         

        CLASS   CONST          

        CLASS   ENTRY          

        CLASS   COMMON         
                cstackCOMMON                         70       70        E         1

        CLASS   BANK0          
                cstackBANK0                          5A       5A        3         1
                dataBANK0                            20       20       3A         1
                bssBANK0                             5D       5D        1         1

        CLASS   BANK1          

        CLASS   BANK2          

        CLASS   BANK3          

        CLASS   RAM            

        CLASS   ABS1           
                abs_s1                               7E       7E        2         1

        CLASS   SFR0           

        CLASS   SFR1           

        CLASS   SFR2           

        CLASS   SFR3           

        CLASS   CONFIG         
                config                             2007     2007        1         4

        CLASS   IDLOC          
                idloc                              2000     2000        4         5

        CLASS   EEDATA         

        CLASS   STACK          



SEGMENTS        Name                           Load    Length   Top    Selector   Space  Class     Delta

                reset_vec                      000000  000003  000003         0       0  CODE        2
                dataBANK0                      000020  00003E  00005E        20       1  BANK0       1
                cstackCOMMON                   000070  00000E  00007E        70       1  COMMON      1
                text9                          00065C  00000B  000667       CB8       0  CODE        2
                text8                          000667  00000C  000673       CCE       0  CODE        2
                text7                          000673  000010  000683       CE6       0  CODE        2
                text4                          000683  000013  000696       D06       0  CODE        2
                inittext                       000696  000013  0006A9       D2C       0  CODE        2
                text2                          0006A9  000015  0006BE       D52       0  CODE        2
                text5                          0006BE  000017  0006D5       D7C       0  CODE        2
                text6                          0006D5  00001A  0006EF       DAA       0  CODE        2
                maintext                       0006EF  000032  000721       DDE       0  CODE        2
                idataBANK0                     000721  00003A  00075B       E42       0  CODE        2
                text3                          00075B  000042  00079D       EB6       0  CODE        2
                text1                          00079D  000050  0007ED       F3A       0  CODE        2
                cinit                          0007ED  000013  000800       FDA       0  CODE        2


UNUSED ADDRESS RANGES

        Name                Unused          Largest block    Delta
        BANK0            005E-006F             12           1
        BANK1            00A0-00EF             50           1
        BANK2            0110-016F             60           1
        BANK3            0190-01EF             60           1
        CODE             0003-065B            659           2
                         0800-1FFF            800
        CONST            0003-065B            100           2
                         0800-1FFF            100
        EEDATA           2100-21FF            100           2
        ENTRY            0003-065B            100           2
                         0800-1FFF            100
        RAM              005E-006F             12           1
                         00A0-00EF             50
                         0110-016F             60
                         0190-01EF             60
        SFR0             0000-001F             20           1
        SFR1             0080-009F             20           1
        SFR2             0100-010F             10           1
        SFR3             0180-018F             10           1
        STRCODE          0003-065B            659           2
                         0800-1FFF           1800
        STRING           0003-065B            100           2
                         0800-1FFF            100

                                  Symbol Table

Matrix_Clear@j             cstackCOMMON 0077
Matrix_Clear@slave         cstackCOMMON 0076
Matrix_Init@i              cstackCOMMON 0076
Matrix_Write_Char@col      cstackCOMMON 007C
Matrix_Write_Char@data     cstackCOMMON 0076
Matrix_Write_Char@font     cstackCOMMON 007A
Matrix_Write_Char@slave    cstackCOMMON 007B
SPI_Tx_Byte@data           cstackCOMMON 0070
SS_Disable@slave           cstackCOMMON 0070
SS_Enable@slave            cstackCOMMON 0070
TxByte@col                 cstackCOMMON 0073
TxByte@data                cstackCOMMON 0074
TxByte@slave               cstackCOMMON 0075
_CKE                       (abs)        04A6
_CKP                       (abs)        00A4
_FONT_7x5                  dataBANK0    0020
_GIE                       (abs)        005F
_Matrix_Clear              text5        06BE
_Matrix_Init               text3        075B
_Matrix_Write_Char         text1        079D
_PCFG0                     (abs)        04F8
_PCFG1                     (abs)        04F9
_PCFG2                     (abs)        04FA
_PCFG3                     (abs)        04FB
_PEIE                      (abs)        005E
_PORTD                     (abs)        0008
_SMP                       (abs)        04A7
_SPI_Master_Init           text4        0683
_SPI_Tx_Byte               text9        065C
_SSPBUF                    (abs)        0013
_SSPEN                     (abs)        00A5
_SSPIE                     (abs)        0463
_SSPIF                     (abs)        0063
_SSPM0                     (abs)        00A0
_SSPM1                     (abs)        00A1
_SSPM2                     (abs)        00A2
_SSPM3                     (abs)        00A3
_SS_Disable                text8        0667
_SS_Enable                 text7        0673
_SS_pin                    dataBANK0    0052
_TRISA5                    (abs)        042D
_TRISC3                    (abs)        043B
_TRISC4                    (abs)        043C
_TRISC5                    (abs)        043D
_TRISD                     (abs)        0088
_TxByte                    text6        06D5
_WCOL                      (abs)        00A7
__H__absolute__            __absolute__ 0000
__Habs1                    abs1         0000
__Hbank0                   bank0        0000
__Hbank1                   bank1        0000
__Hbank2                   bank2        0000
__Hbank3                   bank3        0000
__HbssBANK0                bssBANK0     0000
__Hcinit                   cinit        0800
__Hclrtext                 clrtext      0000
__Hcode                    code         0000
__Hcommon                  common       0000
__Hconfig                  config       2008
__HcstackBANK0             cstackBANK0  0000
__HcstackCOMMON            cstackCOMMON 0000
__HdataBANK0               dataBANK0    0000
__Heeprom_data             eeprom_data  0000
__Hend_init                end_init     0003
__Hfunctab                 functab      0000
__HidataBANK0              idataBANK0   0000
__Hidloc                   idloc        2004
__Hinit                    init         0000
__Hinittext                inittext     0000
__Hintentry                intentry     0000
__Hmaintext                maintext     0000
__Hpowerup                 powerup      0000
__Hram                     ram          0000
__Hreset_vec               reset_vec    0000
__Hsfr0                    sfr0         0000
__Hsfr1                    sfr1         0000
__Hsfr2                    sfr2         0000
__Hsfr3                    sfr3         0000
__Hspace_0                 (abs)        0800
__Hspace_1                 (abs)        007E
__Hspace_2                 (abs)        0000
__Hspace_3                 (abs)        0000
__Hspace_4                 (abs)        400F
__Hstack                   stack        0000
__Hstrings                 strings      0000
__Htext                    text         0000
__L__absolute__            __absolute__ 0000
__Labs1                    abs1         0000
__Lbank0                   bank0        0000
__Lbank1                   bank1        0000
__Lbank2                   bank2        0000
__Lbank3                   bank3        0000
__LbssBANK0                bssBANK0     0000
__Lcinit                   cinit        07ED
__Lclrtext                 clrtext      0000
__Lcode                    code         0000
__Lcommon                  common       0000
__Lconfig                  config       0000
__LcstackBANK0             cstackBANK0  0000
__LcstackCOMMON            cstackCOMMON 0000
__LdataBANK0               dataBANK0    0000
__Leeprom_data             eeprom_data  0000
__Lend_init                end_init     0000
__Lfunctab                 functab      0000
__LidataBANK0              idataBANK0   0000
__Lidloc                   idloc        0000
__Linit                    init         0000
__Linittext                inittext     0000
__Lintentry                intentry     0000
__Lmaintext                maintext     0000
__Lpowerup                 powerup      0000
__Lram                     ram          0000
__Lreset_vec               reset_vec    0000
__Lsfr0                    sfr0         0000
__Lsfr1                    sfr1         0000
__Lsfr2                    sfr2         0000
__Lsfr3                    sfr3         0000
__Lspace_0                 (abs)        0000
__Lspace_1                 (abs)        0000
__Lspace_2                 (abs)        0000
__Lspace_3                 (abs)        0000
__Lspace_4                 (abs)        0000
__Lstack                   stack        0000
__Lstrings                 strings      0000
__Ltext                    text         0000
__S0                       (abs)        0800
__S1                       (abs)        007E
__S3                       (abs)        0000
___bmul                    text2        06A9
___bmul@multiplicand       cstackCOMMON 0070
___bmul@multiplier         cstackCOMMON 0072
___bmul@product            cstackCOMMON 0071
___int_sp                  stack        0000
___latbits                 (abs)        0002
___sp                      stack        0000
___stackhi                 (abs)        0000
___stacklo                 (abs)        0000
__end_of_Matrix_Clear      text5        06D5
__end_of_Matrix_Init       text3        079D
__end_of_Matrix_Write_Char text1        07ED
__end_of_SPI_Master_Init   text4        0696
__end_of_SPI_Tx_Byte       text9        0667
__end_of_SS_Disable        text8        0673
__end_of_SS_Enable         text7        0683
__end_of_TxByte            text6        06EF
__end_of___bmul            text2        06BE
__end_of__initialization   cinit        07FC
__end_of_main              maintext     0721
__initialization           cinit        07ED
__pbssBANK0                bssBANK0     005D
__pcstackBANK0             cstackBANK0  005A
__pcstackCOMMON            cstackCOMMON 0070
__pdataBANK0               dataBANK0    0020
__pidataBANK0              idataBANK0   0721
__pmaintext                maintext     06EF
__ptext1                   text1        079D
__ptext2                   text2        06A9
__ptext3                   text3        075B
__ptext4                   text4        0683
__ptext5                   text5        06BE
__ptext6                   text6        06D5
__ptext7                   text7        0673
__ptext8                   text8        0667
__ptext9                   text9        065C
_main                      maintext     06EF
btemp                      (abs)        007E
end_of_initialization      cinit        07FC
init_fetch0                inittext     0696
init_ram0                  inittext     069A
intlevel0                  functab      0000
intlevel1                  functab      0000
intlevel2                  functab      0000
intlevel3                  functab      0000
intlevel4                  functab      0000
intlevel5                  functab      0000
main@c                     cstackCOMMON 007D
reset_vec                  reset_vec    0000
start                      init         0000
start_initialization       cinit        07ED
wtemp0                     (abs)        007E


MODULE INFORMATION

Module		Function		Class		Link	Load	Size
C:\Program Files\Microchip\xc8\v2.41\pic\sources\c90\common\Umul8.c
		___bmul        		CODE           	06A9	0000	21

C:\Program Files\Microchip\xc8\v2.41\pic\sources\c90\common\Umul8.c estimated size: 21

shared
		__initialization		CODE           	07ED	0000	15

shared estimated size: 15

PIC16F877A_SPI_MAX7219_DotMatrix.c
		_main          		CODE           	06EF	0000	50

PIC16F877A_SPI_MAX7219_DotMatrix.c estimated size: 50

PIC16F877A_SPI.c
		_SS_Disable    		CODE           	0667	0000	12
		_SPI_Tx_Byte   		CODE           	065C	0000	11
		_SPI_Master_Init		CODE           	0683	0000	19
		_SS_Enable     		CODE           	0673	0000	16

PIC16F877A_SPI.c estimated size: 58

MAX7219_DotMatrix.c
		_TxByte        		CODE           	06D5	0000	26
		_Matrix_Init   		CODE           	075B	0000	66
		_Matrix_Clear  		CODE           	06BE	0000	23
		_Matrix_Write_Char		CODE           	079D	0000	80

MAX7219_DotMatrix.c estimated size: 195

